[
	[
		'id' => 1,
		'schema_id' => 1,
		'x' => 1,
		'y' => 1,
		'row' => 1,
		'col' => 1,
		'price' => 250,
	],
	[
		'id' => 2,
		'schema_id' => 1,
		'x' => 1,
		'y' => 2,
		'row' => 1,
		'col' => 2,
		'price' => 250,
	],
	[
		'id' => 3,
		'schema_id' => 1,
		'x' => 1,
		'y' => 3,
		'row' => 1,
		'col' => 3,
		'price' => 250,
	],
	[
		'id' => 4,
		'schema_id' => 1,
		'x' => 1,
		'y' => 4,
		'row' => 1,
		'col' => 4,
		'price' => 250,
	],
	[
		'id' => 5,
		'schema_id' => 1,
		'x' => 1,
		'y' => 5,
		'row' => 1,
		'col' => 5,
		'price' => 250,
	],
]
